// Jest Snapshot v1, https://goo.gl/fbAQLP

exports[`Sidebar component same snapshot for Sidebar 1`] = `
<style__StyledSidebar
  animation="push"
  as={[Function]}
  icon="labeled"
  vertical={true}
  visible={true}
  width="thin"
>
  <style__SidebarLogoContainer
    href="https://github.com/Metnew/suicrux"
  >
    <style__SidebarLogo
      alt="logo"
      centered={true}
      shape="circular"
    />
  </style__SidebarLogoContainer>
  <style__SidebarItem
    activeClassName="active"
    as={[Function]}
    exact={true}
    icon={true}
    key="0"
    link={true}
    to="/"
  >
    <Icon
      as="i"
      name="newspaper"
    />
     
    Dashboard
  </style__SidebarItem>
  <style__SidebarItem
    activeClassName="active"
    as={[Function]}
    exact={true}
    icon={true}
    key="1"
    link={true}
    to="/links"
  >
    <Icon
      as="i"
      name="bookmark"
    />
     
    Links
  </style__SidebarItem>
  <style__SidebarItem
    as="a"
    href="https://github.com/Metnew/react-semantic.ui-starter"
    icon={true}
    key="2"
    link={true}
  >
    <Icon
      as="i"
      name="github"
    />
     
    Github
  </style__SidebarItem>
  <base__Spacer />
  <style__SidebarLogoutItem
    onClick={[Function]}
  >
    <Icon
      as="i"
      name="sign out"
    />
    Logout
  </style__SidebarLogoutItem>
</style__StyledSidebar>
`;
