// Jest Snapshot v1, https://goo.gl/fbAQLP

exports[`Header component same snapshot at Dashboard on non-mobile screen 1`] = `
<Headroom
  calcHeightOnResize={true}
  disable={false}
  disableInlineStyles={false}
  downTolerance={0}
  onPin={[Function]}
  onUnfix={[Function]}
  onUnpin={[Function]}
  parent={[Function]}
  pinStart={0}
  upTolerance={5}
  wrapperStyle={Object {}}
>
  <style__StyledHeader>
    <style__HeaderInner>
      <style__PageTitle>
        Dashboard
      </style__PageTitle>
      <base__Spacer />
    </style__HeaderInner>
  </style__StyledHeader>
</Headroom>
`;
